// Jest Snapshot v1, https://goo.gl/fbAQLP

exports[`Button matches snapshot 1`] = `
<div>
  <button
    class="relative select-none rounded-lg transition-all duration-200 text-nowrap focus:outline-none font-medium bg-primary-500 hover:bg-primary-600 focus:ring-4 focus:ring-primary-100 focus:outline-primary-200 disabled:active:transform-none active:scale-[.95] disabled:text-neutral-200 disabled:bg-primary-100 disabled:cursor-not-allowed text-neutral-0 dark:text-neutral-900 h-[2.5rem] text-md px-8"
  >
    <div
      class="visible"
    >
      Click me
    </div>
  </button>
</div>
`;
